(node:36332) [MONGOOSE] Warning: Duplicate schema index on {"numericPrice":1} found. This is often due to declaring an index using both "index: true" and "schema.index()". Please remove the duplicate index definition.
(Use `node --trace-warnings ...` to show where the warning was created)
MongoDB connected: localhost
Server running on port 5001
[0mGET /api/product/jewellery [32m200[0m 28.974 ms - 6372[0m
[0mGET /api/product/jewellery?category=Gold&sortBy=price-low [32m200[0m 12.536 ms - 1803[0m
[0mGET /api/product/jewellery?budgetMin=30000&budgetMax=60000 [32m200[0m 3.230 ms - 2453[0m
[0mGET /api/product/jewellery?search=Necklace [32m200[0m 6.302 ms - 1047[0m
[0mGET /api/product/jewellery?metals=Gold%2022K [32m200[0m 7.861 ms - 2555[0m
[0mGET /api/product/jewellery?occasions=Wedding [32m200[0m 3.374 ms - 3321[0m
[0mGET /api/product/jewellery?genders=Women [32m200[0m 5.797 ms - 4101[0m
[0mGET /api/product/jewellery/6a713461e7475ce70d91ef93 [32m200[0m 7.329 ms - 821[0m
[0mGET /api/product/jewellery/6a713461e7475ce70d91ef93/similar [32m200[0m 5.436 ms - 890[0m
[0mGET /api/product/jewellery?limit=100 [32m200[0m 22.532 ms - 6373[0m
[0mGET /api/product/jewellery?limit=100 [36m304[0m 7.743 ms - -[0m
[0mGET /api/product/jewellery/6a713461e7475ce70d91ef8d [32m200[0m 4.799 ms - 817[0m
[0mGET /api/product/jewellery/6a713461e7475ce70d91ef8d/similar [32m200[0m 5.935 ms - 21[0m
[0mGET /api/product/jewellery/6a713461e7475ce70d91ef8d [36m304[0m 1.873 ms - -[0m
[0mGET /api/product/jewellery/6a713461e7475ce70d91ef8d/similar [36m304[0m 3.337 ms - -[0m
[0mGET /api/product/jewellery?limit=100 [36m304[0m 20.761 ms - -[0m
[0mGET /api/product/jewellery?limit=100 [36m304[0m 4.133 ms - -[0m
[0mGET /api/product/properties [36m304[0m 8.502 ms - -[0m
[0mGET /api/product/properties [36m304[0m 7.541 ms - -[0m
[0mGET /api/product/vehicles?limit=100 [36m304[0m 6.568 ms - -[0m
[0mGET /api/product/vehicles?limit=100 [36m304[0m 5.096 ms - -[0m
[0mGET /api/product/finance?limit=100 [36m304[0m 12.493 ms - -[0m
[0mGET /api/product/finance?limit=100 [36m304[0m 3.475 ms - -[0m
[0mGET /api/product/finance?limit=100 [36m304[0m 13.025 ms - -[0m
[0mGET /api/product/finance?limit=100 [36m304[0m 5.689 ms - -[0m
[0mGET /api/product/properties [36m304[0m 8.755 ms - -[0m
[0mGET /api/product/properties [36m304[0m 4.049 ms - -[0m
[0mGET /api/product/properties [36m304[0m 78.734 ms - -[0m
[0mGET /api/product/properties [36m304[0m 6.493 ms - -[0m
[0mGET /api/product/properties [36m304[0m 11.912 ms - -[0m
[0mGET /api/product/properties [36m304[0m 7.765 ms - -[0m
[0mGET /api/product/vehicles?limit=100 [36m304[0m 12.247 ms - -[0m
[0mGET /api/product/vehicles?limit=100 [36m304[0m 3.513 ms - -[0m
[0mGET /api/product/finance?limit=100 [36m304[0m 7.920 ms - -[0m
[0mGET /api/product/finance?limit=100 [36m304[0m 7.481 ms - -[0m
[0mGET /api/product/jewellery?limit=100 [36m304[0m 7.988 ms - -[0m
[0mGET /api/product/jewellery?limit=100 [36m304[0m 2.930 ms - -[0m
[0mGET /api/product/jewellery/6a713461e7475ce70d91ef8f [32m200[0m 8.270 ms - 821[0m
[0mGET /api/product/jewellery/6a713461e7475ce70d91ef8f/similar [32m200[0m 9.079 ms - 21[0m
[0mGET /api/product/jewellery/6a713461e7475ce70d91ef8f [36m304[0m 1.786 ms - -[0m
[0mGET /api/product/jewellery/6a713461e7475ce70d91ef8f/similar [36m304[0m 2.004 ms - -[0m
[0mGET /api/product/jewellery?limit=100 [36m304[0m 6.139 ms - -[0m
[0mGET /api/product/jewellery?limit=100 [36m304[0m 4.474 ms - -[0m
[0mGET /api/product/jewellery/6a713461e7475ce70d91ef8f [36m304[0m 2.672 ms - -[0m
[0mGET /api/product/jewellery/6a713461e7475ce70d91ef8f/similar [36m304[0m 5.045 ms - -[0m
[0mGET /api/product/jewellery/6a713461e7475ce70d91ef8f [36m304[0m 1.470 ms - -[0m
[0mGET /api/product/jewellery/6a713461e7475ce70d91ef8f/similar [36m304[0m 2.280 ms - -[0m
[0mGET /api/product/finance?limit=100 [36m304[0m 4.452 ms - -[0m
[0mGET /api/product/properties [36m304[0m 7.250 ms - -[0m
[0mGET /api/product/finance?limit=100 [36m304[0m 4.411 ms - -[0m
[0mGET /api/product/properties [36m304[0m 10.932 ms - -[0m
[0mGET /api/product/finance [32m200[0m 23.466 ms - 24872[0m
[0mGET /api/product/finance [32m200[0m 7.476 ms - 24872[0m
[0mGET /api/product/finance?limit=100 [32m200[0m 50.531 ms - 24872[0m
[0mGET /api/product/finance?limit=100 [36m304[0m 5.070 ms - -[0m
[0mGET /api/product/finance/6a7142a7a07a4a987f4bb2dd [32m200[0m 14.165 ms - 1809[0m
[0mGET /api/product/finance/6a7142a7a07a4a987f4bb2dd [36m304[0m 2.689 ms - -[0m
[0mGET /api/product/finance/similar/6a7142a7a07a4a987f4bb2dd [32m200[0m 10.378 ms - 2001[0m
[0mGET /api/product/finance [32m200[0m 7.158 ms - 24867[0m
[0mGET /api/product/finance/6a7142a7a07a4a987f4bb2dd [33m404[0m 11.973 ms - 386[0m
[0mGET /api/product/finance/6a7142a7a07a4a987f4bb2dd [33m404[0m 1.981 ms - 386[0m
[0mGET /api/product/finance?limit=100 [32m200[0m 5.887 ms - 24867[0m
[0mGET /api/product/finance?limit=100 [36m304[0m 4.699 ms - -[0m
[0mGET /api/product/finance/6a714352aacd677a53cee789 [32m200[0m 3.802 ms - 1875[0m
[0mGET /api/product/finance/6a714352aacd677a53cee789 [36m304[0m 1.478 ms - -[0m
[0mGET /api/product/finance/similar/6a714352aacd677a53cee789 [32m200[0m 10.938 ms - 5418[0m
[0mGET /api/product/finance [32m200[0m 16.345 ms - 24865[0m
[0mGET /api/product/finance/6a714352aacd677a53cee789 [33m404[0m 9.337 ms - 386[0m
[0mGET /api/product/finance/6a714352aacd677a53cee789 [33m404[0m 1.945 ms - 386[0m
[0mGET /api/product/finance?limit=100 [32m200[0m 4.955 ms - 24865[0m
[0mGET /api/product/finance?limit=100 [36m304[0m 9.286 ms - -[0m
[0mGET /api/product/finance/6a7143a5aa900e00259902ad [32m200[0m 4.545 ms - 1875[0m
[0mGET /api/product/finance/6a7143a5aa900e00259902ad [36m304[0m 2.035 ms - -[0m
[0mGET /api/product/finance/similar/6a7143a5aa900e00259902ad [32m200[0m 5.356 ms - 5418[0m
[0mGET /api/product/vehicles?limit=100 [36m304[0m 42.374 ms - -[0m
[0mGET /api/product/vehicles?limit=100 [36m304[0m 4.812 ms - -[0m
[0mGET /api/product/vehicles/6a706b65a59c8b7554203107 [32m200[0m 18.464 ms - 1081[0m
[0mGET /api/product/vehicles/6a706b65a59c8b7554203107 [32m200[0m 1.819 ms - 1081[0m
[0mGET /api/product/vehicles/similar/6a706b65a59c8b7554203107 [32m200[0m 5.719 ms - 1939[0m
[0mGET /api/product/finance [32m200[0m 7.583 ms - 24776[0m
[0mGET /api/product/properties [32m200[0m 14.393 ms - 15144[0m
[0mGET /api/product/vehicles [32m200[0m 15.498 ms - 8230[0m
[0mGET /api/product/properties [32m200[0m 9.205 ms - 15720[0m
[0mGET /api/product/jewellery [32m200[0m 7.769 ms - 6372[0m
[0mGET /api/product/jewellery [32m200[0m 5.951 ms - 6884[0m
[0mGET /api/product/finance [32m200[0m 9.993 ms - 24776[0m
[0mGET /api/loans [32m200[0m 9.553 ms - 3408[0m
[0mGET /api/loans [32m200[0m 7.734 ms - 3728[0m
[0mGET /api/product/vehicles/6a706b65a59c8b7554203107 [33m404[0m 11.332 ms - 387[0m
[0mGET /api/product/vehicles/6a706b65a59c8b7554203107 [33m404[0m 3.320 ms - 387[0m
